#-----------------------------------------------------------
# Vivado v2018.3 (64-bit)
# SW Build 2405991 on Thu Dec  6 23:38:27 MST 2018
# IP Build 2404404 on Fri Dec  7 01:43:56 MST 2018
# Start of session at: Tue Dec  3 20:18:40 2019
# Process ID: 27456
# Current directory: C:/vivado/one-cycle-cpu
# Command line: vivado.exe -gui_launcher_event rodinguilauncherevent35360 C:\vivado\one-cycle-cpu\one-cycle-cpu.xpr
# Log file: C:/vivado/one-cycle-cpu/vivado.log
# Journal file: C:/vivado/one-cycle-cpu\vivado.jou
#-----------------------------------------------------------
start_gui
open_project C:/vivado/one-cycle-cpu/one-cycle-cpu.xpr
update_compile_order -fileset sources_1
file mkdir C:/vivado/one-cycle-cpu/one-cycle-cpu.srcs/sim_1/new
set_property SOURCE_SET sources_1 [get_filesets sim_1]
close [ open C:/vivado/one-cycle-cpu/one-cycle-cpu.srcs/sim_1/new/ocycpu.v w ]
add_files -fileset sim_1 C:/vivado/one-cycle-cpu/one-cycle-cpu.srcs/sim_1/new/ocycpu.v
update_compile_order -fileset sim_1
update_compile_order -fileset sim_1
launch_simulation
synth_design -rtl -name rtl_1
launch_simulation
source ocycpu.tcl
close_sim
launch_simulation
source ocycpu.tcl
add_bp {C:/vivado/one-cycle-cpu/one-cycle-cpu.srcs/sources_1/new/CPU.v} 40
remove_bps -file {C:/vivado/one-cycle-cpu/one-cycle-cpu.srcs/sources_1/new/CPU.v} -line 40
add_bp {C:/vivado/one-cycle-cpu/one-cycle-cpu.srcs/sources_1/new/CPU.v} 42
remove_bps -file {C:/vivado/one-cycle-cpu/one-cycle-cpu.srcs/sources_1/new/CPU.v} -line 42
add_bp {C:/vivado/one-cycle-cpu/one-cycle-cpu.srcs/sources_1/new/CPU.v} 42
add_bp {C:/vivado/one-cycle-cpu/one-cycle-cpu.srcs/sources_1/new/CPU.v} 40
remove_bps -file {C:/vivado/one-cycle-cpu/one-cycle-cpu.srcs/sources_1/new/CPU.v} -line 40
remove_bps -all
add_bp {C:/vivado/one-cycle-cpu/one-cycle-cpu.srcs/sources_1/new/CPU.v} 42
remove_bps -file {C:/vivado/one-cycle-cpu/one-cycle-cpu.srcs/sources_1/new/CPU.v} -line 42
close_sim
launch_simulation
source ocycpu.tcl
close_sim
launch_simulation
source ocycpu.tcl
close_sim
launch_simulation
source ocycpu.tcl
close_sim
launch_simulation
source ocycpu.tcl
close_sim
launch_simulation
source ocycpu.tcl
reset_run synth_1
launch_runs synth_1 -jobs 4
wait_on_run synth_1
reset_run synth_1
close_design
synth_design -rtl -name rtl_1
close_sim
